ValidationError: Custom keyGenerator appears to use request IP without calling the ipKeyGenerator helper function for IPv6 addresses. This could allow IPv6 users to bypass limits. See https://express-rate-limit.github.io/ERR_ERL_KEY_GEN_IPV6/ for more information.
    at Object.keyGeneratorIpFallback (C:\Projects\StayZen\node_modules\express-rate-limit\dist\index.cjs:642:13)
    at wrappedValidations.<computed> [as keyGeneratorIpFallback] (C:\Projects\StayZen\node_modules\express-rate-limit\dist\index.cjs:685:22)
    at parseOptions (C:\Projects\StayZen\node_modules\express-rate-limit\dist\index.cjs:755:16)
    at rateLimit (C:\Projects\StayZen\node_modules\express-rate-limit\dist\index.cjs:836:18)
    at Object.<anonymous> (C:\Projects\StayZen\app.js:159:36)
    at Module._compile (node:internal/modules/cjs/loader:1761:14)
    at Object..js (node:internal/modules/cjs/loader:1893:10)
    at Module.load (node:internal/modules/cjs/loader:1481:32)
    at Module._load (node:internal/modules/cjs/loader:1300:12)
    at TracingChannel.traceSync (node:diagnostics_channel:328:14) {
  code: 'ERR_ERL_KEY_GEN_IPV6',
  help: 'https://express-rate-limit.github.io/ERR_ERL_KEY_GEN_IPV6/'
}
ValidationError: Custom keyGenerator appears to use request IP without calling the ipKeyGenerator helper function for IPv6 addresses. This could allow IPv6 users to bypass limits. See https://express-rate-limit.github.io/ERR_ERL_KEY_GEN_IPV6/ for more information.
    at Object.keyGeneratorIpFallback (C:\Projects\StayZen\node_modules\express-rate-limit\dist\index.cjs:642:13)
    at wrappedValidations.<computed> [as keyGeneratorIpFallback] (C:\Projects\StayZen\node_modules\express-rate-limit\dist\index.cjs:685:22)
    at parseOptions (C:\Projects\StayZen\node_modules\express-rate-limit\dist\index.cjs:755:16)
    at rateLimit (C:\Projects\StayZen\node_modules\express-rate-limit\dist\index.cjs:836:18)
    at Object.<anonymous> (C:\Projects\StayZen\app.js:179:20)
    at Module._compile (node:internal/modules/cjs/loader:1761:14)
    at Object..js (node:internal/modules/cjs/loader:1893:10)
    at Module.load (node:internal/modules/cjs/loader:1481:32)
    at Module._load (node:internal/modules/cjs/loader:1300:12)
    at TracingChannel.traceSync (node:diagnostics_channel:328:14) {
  code: 'ERR_ERL_KEY_GEN_IPV6',
  help: 'https://express-rate-limit.github.io/ERR_ERL_KEY_GEN_IPV6/'
}
